4
4
0
0
16
16
16
52
60
68
68
212
188
176
144
184
148
188
496
556
232
232
428
412
228
1156
1016
612
524
1240
624
604
508
1228
1552
1468
1508
2352
1248
1544
3116
2592
3048
3044
3176
3272
2944
5540
3052
3560
